../Drivers/BMI088/Accel.c:85:6:ACCEL_SOFT_RESET	8	static
../Drivers/BMI088/Accel.c:92:6:ACCEL_INIT	24	static
../Drivers/BMI088/Accel.c:100:6:ACCEL_GOOD_SETTINGS	8	static
../Drivers/BMI088/Accel.c:108:9:ACCEL_SELF_TEST	88	static
../Drivers/BMI088/Accel.c:146:6:ACCEL_RELOAD_SETTINGS	16	static
../Drivers/BMI088/Accel.c:160:9:ACCEL_READ_ID	16	static
../Drivers/BMI088/Accel.c:170:9:ACCEL_READ_ACCELERATION	72	static
../Drivers/BMI088/Accel.c:179:7:ACCEL_READ_TEMPERATURE	16	static
../Drivers/BMI088/Accel.c:191:10:ACCEL_READ_SENSORTIME	32	static
../Drivers/BMI088/Accel.c:205:12:ACCEL_READ_ERROR	16	static
../Drivers/BMI088/Accel.c:218:9:ACCEL_READ_PWR_MODE	16	static
../Drivers/BMI088/Accel.c:227:9:ACCEL_READ_ACCEL_ENABLED	16	static
../Drivers/BMI088/Accel.c:237:6:ACCEL_SET_CONFIG	24	static
../Drivers/BMI088/Accel.c:245:6:ACCEL_SET_RANGE	16	static
../Drivers/BMI088/Accel.c:252:6:ACCEL_WRITE_PWR_ACTIVATE	8	static
../Drivers/BMI088/Accel.c:257:6:ACCEL_WRITE_PWR_SUSPEND	8	static
../Drivers/BMI088/Accel.c:262:6:ACCEL_WRITE_ACCEL_ENABLE	8	static
../Drivers/BMI088/Accel.c:267:6:ACCEL_WRITE_ACCEL_DISABLE	8	static
../Drivers/BMI088/Accel.c:275:10:ACCEL_READ_FIFO_LEN	16	static
../Drivers/BMI088/Accel.c:293:17:ACCEL_READ_FIFO	1088	static
../Drivers/BMI088/Accel.c:356:6:ACCEL_WRITE_FIFO_ENABLED	16	static
../Drivers/BMI088/Accel.c:362:6:ACCEL_WRITE_FIFO_MODE	16	static
../Drivers/BMI088/Accel.c:368:6:ACCEL_WRITE_FIFO_DOWNSAMP	16	static
../Drivers/BMI088/Accel.c:375:13:select	8	static
../Drivers/BMI088/Accel.c:379:13:unselect	8	static
../Drivers/BMI088/Accel.c:383:13:readAddr	24	static
../Drivers/BMI088/Accel.c:393:13:writeAddr	24	static
../Drivers/BMI088/Accel.c:398:16:parseRawUInts	112	static
../Drivers/BMI088/Accel.c:414:13:setRangeMem	16	static
