../Core/Src/main.c:109:7:applyAccelDeadzone	16	static
../Core/Src/main.c:116:6:assignMotorValues	40	static
../Core/Src/main.c:167:6:TIM_SetPWM	32	static
../Core/Src/main.c:180:6:print_distance_sensor_metadata	24	static
../Core/Src/main.c:191:6:start_distance_sensor	24	static
../Core/Src/main.c:225:5:main	200	static
../Core/Src/main.c:464:6:SystemClock_Config	128	static
../Core/Src/main.c:506:13:MX_I2C1_Init	8	static
../Core/Src/main.c:551:13:MX_I2C2_Init	8	static
../Core/Src/main.c:596:13:MX_LPUART1_UART_Init	8	static
../Core/Src/main.c:640:13:MX_UART4_Init	8	static
../Core/Src/main.c:685:13:MX_SPI1_Init	24	static
../Core/Src/main.c:742:13:MX_SPI3_Init	24	static
../Core/Src/main.c:799:13:MX_TIM3_Init	64	static
../Core/Src/main.c:858:13:MX_TIM5_Init	64	static
../Core/Src/main.c:925:13:MX_GPIO_Init	48	static
../Core/Src/main.c:1005:6:HAL_UART_RxCpltCallback	24	static
../Core/Src/main.c:1042:1:__io_putchar	16	static
../Core/Src/main.c:1053:6:Error_Handler	4	static,ignoring_inline_asm
