../Core/Src/main.c:108:7:applyAccelDeadzone	16	static
../Core/Src/main.c:115:6:assignMotorValues	40	static
../Core/Src/main.c:166:6:TIM_SetPWM	32	static
../Core/Src/main.c:184:5:main	200	static
../Core/Src/main.c:462:6:SystemClock_Config	128	static
../Core/Src/main.c:504:13:MX_I2C1_Init	8	static
../Core/Src/main.c:549:13:MX_I2C2_Init	8	static
../Core/Src/main.c:594:13:MX_LPUART1_UART_Init	8	static
../Core/Src/main.c:638:13:MX_UART4_Init	8	static
../Core/Src/main.c:683:13:MX_SPI1_Init	24	static
../Core/Src/main.c:741:13:MX_SPI3_Init	24	static
../Core/Src/main.c:799:13:MX_TIM3_Init	64	static
../Core/Src/main.c:858:13:MX_TIM5_Init	64	static
../Core/Src/main.c:925:13:MX_GPIO_Init	48	static
../Core/Src/main.c:1008:6:HAL_UART_RxCpltCallback	24	static
../Core/Src/main.c:1045:1:__io_putchar	16	static
../Core/Src/main.c:1056:6:Error_Handler	4	static,ignoring_inline_asm
