../Core/Src/vl53l1_platform.c:51:5:_I2CWrite	40	static
../Core/Src/vl53l1_platform.c:63:5:_I2CRead	40	static
../Core/Src/vl53l1_platform.c:75:14:VL53L1_WriteMulti	32	static
../Core/Src/vl53l1_platform.c:94:14:VL53L1_ReadMulti	32	static
../Core/Src/vl53l1_platform.c:115:14:VL53L1_WrByte	24	static
../Core/Src/vl53l1_platform.c:132:14:VL53L1_WrWord	24	static
../Core/Src/vl53l1_platform.c:150:14:VL53L1_WrDWord	24	static
../Core/Src/vl53l1_platform.c:168:14:VL53L1_UpdateByte	32	static
../Core/Src/vl53l1_platform.c:182:14:VL53L1_RdByte	24	static
../Core/Src/vl53l1_platform.c:203:14:VL53L1_RdWord	24	static
../Core/Src/vl53l1_platform.c:228:14:VL53L1_RdDWord	24	static
../Core/Src/vl53l1_platform.c:253:14:VL53L1_GetTickCount	24	static
../Core/Src/vl53l1_platform.c:305:14:VL53L1_GetTimerFrequency	16	static
../Core/Src/vl53l1_platform.c:314:14:VL53L1_WaitMs	16	static
../Core/Src/vl53l1_platform.c:320:14:VL53L1_WaitUs	16	static
../Core/Src/vl53l1_platform.c:326:14:VL53L1_WaitValueMaskEx	48	static
