../Drivers/BMI088/Accel.c:82:6:ACCEL_INIT	16	static
../Drivers/BMI088/Accel.c:89:6:ACCEL_GOOD_SETTINGS	8	static
../Drivers/BMI088/Accel.c:97:9:ACCEL_SELF_TEST	88	static
../Drivers/BMI088/Accel.c:135:6:ACCEL_RELOAD_SETTINGS	16	static
../Drivers/BMI088/Accel.c:149:9:ACCEL_READ_ID	16	static
../Drivers/BMI088/Accel.c:159:9:ACCEL_READ_ACCELERATION	72	static
../Drivers/BMI088/Accel.c:168:7:ACCEL_READ_TEMPERATURE	16	static
../Drivers/BMI088/Accel.c:180:10:ACCEL_READ_SENSORTIME	32	static
../Drivers/BMI088/Accel.c:194:12:ACCEL_READ_ERROR	16	static
../Drivers/BMI088/Accel.c:207:9:ACCEL_READ_PWR_MODE	16	static
../Drivers/BMI088/Accel.c:216:9:ACCEL_READ_ACCEL_ENABLED	16	static
../Drivers/BMI088/Accel.c:226:6:ACCEL_SET_CONFIG	24	static
../Drivers/BMI088/Accel.c:234:6:ACCEL_SET_RANGE	16	static
../Drivers/BMI088/Accel.c:241:6:ACCEL_WRITE_PWR_ACTIVATE	8	static
../Drivers/BMI088/Accel.c:246:6:ACCEL_WRITE_PWR_SUSPEND	8	static
../Drivers/BMI088/Accel.c:251:6:ACCEL_WRITE_ACCEL_ENABLE	8	static
../Drivers/BMI088/Accel.c:256:6:ACCEL_WRITE_ACCEL_DISABLE	8	static
../Drivers/BMI088/Accel.c:264:10:ACCEL_READ_FIFO_LEN	16	static
../Drivers/BMI088/Accel.c:282:17:ACCEL_READ_FIFO	1088	static
../Drivers/BMI088/Accel.c:345:6:ACCEL_WRITE_FIFO_ENABLED	16	static
../Drivers/BMI088/Accel.c:351:6:ACCEL_WRITE_FIFO_MODE	16	static
../Drivers/BMI088/Accel.c:357:6:ACCEL_WRITE_FIFO_DOWNSAMP	16	static
../Drivers/BMI088/Accel.c:364:13:select	8	static
../Drivers/BMI088/Accel.c:368:13:unselect	8	static
../Drivers/BMI088/Accel.c:372:13:readAddr	48	static
../Drivers/BMI088/Accel.c:386:13:writeAddr	24	static
../Drivers/BMI088/Accel.c:391:16:parseRawUInts	112	static
../Drivers/BMI088/Accel.c:407:13:setRangeMem	16	static
