../Core/Src/main.c:75:7:applyAccelDeadzone	16	static
../Core/Src/main.c:82:6:assignMotorValues	40	static
../Core/Src/main.c:132:6:TIM_SetPWM	32	static
../Core/Src/main.c:149:5:main	352	static
../Core/Src/main.c:304:6:SystemClock_Config	128	static
../Core/Src/main.c:350:13:MX_LPUART1_UART_Init	8	static
../Core/Src/main.c:397:13:MX_SPI1_Init	24	static
../Core/Src/main.c:454:13:MX_TIM5_Init	64	static
../Core/Src/main.c:525:13:MX_GPIO_Init	40	static
../Core/Src/main.c:569:6:Error_Handler	4	static,ignoring_inline_asm
